// Jest Snapshot v1, https://goo.gl/fbAQLP

exports[`CreateArticle renders correctly 1`] = `
<div>
  <button
    onClick={[Function]}
  >
    Home
  </button>
  <button
    onClick={[Function]}
  >
    Profile
  </button>
  <h1>
    Create an Article
  </h1>
  <input
    className="titleCreateArticle"
    onChange={[Function]}
    placeholder="Title"
    type="text"
  />
  <br />
  <textarea
    className="textCreateArticle"
    onChange={[Function]}
    placeholder="Copy or write your article text here..."
    type="text"
  />
  <br />
  <button
    id="createArticle"
    onClick={[Function]}
    type="submit"
  >
     Create 
  </button>
  <br />
</div>
`;
