// Jest Snapshot v1, https://goo.gl/fbAQLP

exports[`Signup renders correctly 1`] = `
<div
  className="signup"
>
  <button
    onClick={[Function]}
  >
    Sign in
  </button>
  <h3>
    ZeroRebound
  </h3>
  <h1>
    Register
  </h1>
  <input
    id="fname"
    onChange={[Function]}
    placeholder="First Name"
    type="text"
  />
  <br />
  <input
    id="lname"
    onChange={[Function]}
    placeholder="Last Name"
    type="text"
  />
  <br />
  <input
    id="email"
    onChange={[Function]}
    placeholder="Email"
    type="text"
  />
  <br />
  <input
    id="password"
    onChange={[Function]}
    placeholder="Password"
    type="password"
  />
  <br />
  <input
    id="passwordTwo"
    onChange={[Function]}
    placeholder="Repeat Password"
    type="password"
  />
  <br />
  <button
    onClick={[Function]}
    type="submit"
  >
     Submit 
  </button>
  <br />
</div>
`;
